// Jest Snapshot v1, https://goo.gl/fbAQLP

exports[`<Input/> renders component correctly 1`] = `
<div>
  <input
    class="sc-bczRLJ hNXlRN"
    value="default value"
  />
</div>
`;
